PIL model
